"execute"
{"data":[{"resourceNo":"61ed95fd506d477385e6c885193b7fa0","status":"ok","mp4":true,"audio":true}],"next":{"cursor":1528697274,"start":0,"limit":"1000"}}
